> Task :buildSrc:extractPluginRequests UP-TO-DATE
> Task :buildSrc:generatePluginAdapters UP-TO-DATE
> Task :buildSrc:compileJava UP-TO-DATE
> Task :buildSrc:compileGroovy NO-SOURCE
> Task :buildSrc:compileGroovyPlugins UP-TO-DATE
> Task :buildSrc:pluginDescriptors UP-TO-DATE
> Task :buildSrc:processResources UP-TO-DATE
> Task :buildSrc:classes UP-TO-DATE
> Task :buildSrc:jar UP-TO-DATE
> Task :buildSrc:assemble UP-TO-DATE
> Task :buildSrc:pluginUnderTestMetadata UP-TO-DATE
> Task :buildSrc:compileTestJava NO-SOURCE
> Task :buildSrc:compileTestGroovy NO-SOURCE
> Task :buildSrc:processTestResources NO-SOURCE
> Task :buildSrc:testClasses UP-TO-DATE
> Task :buildSrc:test NO-SOURCE
> Task :buildSrc:validatePlugins UP-TO-DATE
> Task :buildSrc:check UP-TO-DATE
> Task :buildSrc:build UP-TO-DATE
> Task :list:compileJava UP-TO-DATE
> Task :utilities:compileJava UP-TO-DATE
> Task :app:compileJava UP-TO-DATE
> Task :app:processResources NO-SOURCE
> Task :app:classes UP-TO-DATE
> Task :app:compileTestJava UP-TO-DATE
> Task :app:processTestResources NO-SOURCE
> Task :app:testClasses UP-TO-DATE
> Task :list:processResources NO-SOURCE
> Task :list:classes UP-TO-DATE
> Task :list:jar UP-TO-DATE
> Task :utilities:processResources NO-SOURCE
> Task :utilities:classes UP-TO-DATE
> Task :utilities:jar UP-TO-DATE
> Task :app:test
> Task :list:compileTestJava UP-TO-DATE
> Task :list:processTestResources NO-SOURCE
> Task :list:testClasses UP-TO-DATE
> Task :list:test UP-TO-DATE
> Task :utilities:compileTestJava NO-SOURCE
> Task :utilities:processTestResources NO-SOURCE
> Task :utilities:testClasses UP-TO-DATE
> Task :utilities:test NO-SOURCE

BUILD SUCCESSFUL in 1s
18 actionable tasks: 1 executed, 17 up-to-date
